

================================================================
== Vitis HLS Report for 'transMatrix'
================================================================
* Date:           Wed Dec  6 15:21:29 2023

* Version:        2020.1 (Build 2902540 on Wed May 27 20:16:15 MDT 2020)
* Project:        PROJET_HLS_zynq
* Solution:       trans-inver2 (Vivado IP Flow Target)
* Product family: zynq
* Target device:  xc7z020-clg484-1


================================================================
== Performance Estimates
================================================================
+ Timing: 
    * Summary: 
    +--------+----------+----------+------------+
    |  Clock |  Target  | Estimated| Uncertainty|
    +--------+----------+----------+------------+
    |ap_clk  | 10.00 ns | 6.508 ns |   2.70 ns  |
    +--------+----------+----------+------------+

+ Latency: 
    * Summary: 
    +---------+---------+-----------+-----------+------+------+---------+
    |  Latency (cycles) |   Latency (absolute)  |   Interval  | Pipeline|
    |   min   |   max   |    min    |    max    |  min |  max |   Type  |
    +---------+---------+-----------+-----------+------+------+---------+
    |     1051|     1051| 10.510 us | 10.510 us |  1051|  1051|   none  |
    +---------+---------+-----------+-----------+------+------+---------+

    + Detail: 
        * Instance: 
        N/A

        * Loop: 
        +----------------------+---------+---------+----------+-----------+-----------+------+----------+
        |                      |  Latency (cycles) | Iteration|  Initiation Interval  | Trip |          |
        |       Loop Name      |   min   |   max   |  Latency |  achieved |   target  | Count| Pipelined|
        +----------------------+---------+---------+----------+-----------+-----------+------+----------+
        |- transMatrix_label1  |       62|       62|         2|          2|          1|    31|    yes   |
        |- transMatrix_label1  |       60|       60|         2|          2|          1|    30|    yes   |
        |- transMatrix_label1  |       58|       58|         2|          2|          1|    29|    yes   |
        |- transMatrix_label1  |       56|       56|         2|          2|          1|    28|    yes   |
        |- transMatrix_label1  |       54|       54|         2|          2|          1|    27|    yes   |
        |- transMatrix_label1  |       52|       52|         2|          2|          1|    26|    yes   |
        |- transMatrix_label1  |       50|       50|         2|          2|          1|    25|    yes   |
        |- transMatrix_label1  |       48|       48|         2|          2|          1|    24|    yes   |
        |- transMatrix_label1  |       46|       46|         2|          2|          1|    23|    yes   |
        |- transMatrix_label1  |       44|       44|         2|          2|          1|    22|    yes   |
        |- transMatrix_label1  |       42|       42|         2|          2|          1|    21|    yes   |
        |- transMatrix_label1  |       40|       40|         2|          2|          1|    20|    yes   |
        |- transMatrix_label1  |       38|       38|         2|          2|          1|    19|    yes   |
        |- transMatrix_label1  |       36|       36|         2|          2|          1|    18|    yes   |
        |- transMatrix_label1  |       34|       34|         2|          2|          1|    17|    yes   |
        |- transMatrix_label1  |       32|       32|         2|          2|          1|    16|    yes   |
        |- transMatrix_label1  |       30|       30|         2|          2|          1|    15|    yes   |
        |- transMatrix_label1  |       28|       28|         2|          2|          1|    14|    yes   |
        |- transMatrix_label1  |       26|       26|         2|          2|          1|    13|    yes   |
        |- transMatrix_label1  |       24|       24|         2|          2|          1|    12|    yes   |
        |- transMatrix_label1  |       22|       22|         2|          2|          1|    11|    yes   |
        |- transMatrix_label1  |       20|       20|         2|          2|          1|    10|    yes   |
        |- transMatrix_label1  |       18|       18|         2|          2|          1|     9|    yes   |
        |- transMatrix_label1  |       16|       16|         2|          2|          1|     8|    yes   |
        |- transMatrix_label1  |       14|       14|         2|          2|          1|     7|    yes   |
        |- transMatrix_label1  |       12|       12|         2|          2|          1|     6|    yes   |
        |- transMatrix_label1  |       10|       10|         2|          2|          1|     5|    yes   |
        |- transMatrix_label1  |        8|        8|         2|          2|          1|     4|    yes   |
        |- transMatrix_label1  |        6|        6|         2|          2|          1|     3|    yes   |
        |- transMatrix_label1  |        4|        4|         2|          2|          1|     2|    yes   |
        +----------------------+---------+---------+----------+-----------+-----------+------+----------+



================================================================
== Utilization Estimates
================================================================
* Summary: 
+-----------------+---------+-----+--------+-------+-----+
|       Name      | BRAM_18K| DSP |   FF   |  LUT  | URAM|
+-----------------+---------+-----+--------+-------+-----+
|DSP              |        -|    -|       -|      -|    -|
|Expression       |        -|    -|       0|   1288|    -|
|FIFO             |        -|    -|       -|      -|    -|
|Instance         |        -|    -|       -|      -|    -|
|Memory           |        -|    -|       -|      -|    -|
|Multiplexer      |        -|    -|       -|   1205|    -|
|Register         |        -|    -|     713|      -|    -|
+-----------------+---------+-----+--------+-------+-----+
|Total            |        0|    0|     713|   2493|    0|
+-----------------+---------+-----+--------+-------+-----+
|Available        |      280|  220|  106400|  53200|    0|
+-----------------+---------+-----+--------+-------+-----+
|Utilization (%)  |        0|    0|   ~0   |      4|    0|
+-----------------+---------+-----+--------+-------+-----+

+ Detail: 
    * Instance: 
    N/A

    * DSP: 
    N/A

    * Memory: 
    N/A

    * FIFO: 
    N/A

    * Expression: 
    +-------------------------+----------+----+---+----+------------+------------+
    |      Variable Name      | Operation| DSP| FF| LUT| Bitwidth P0| Bitwidth P1|
    +-------------------------+----------+----+---+----+------------+------------+
    |add_ln95_10_fu_1602_p2   |     +    |   0|  0|  15|           6|           1|
    |add_ln95_11_fu_1652_p2   |     +    |   0|  0|  15|           6|           1|
    |add_ln95_12_fu_1696_p2   |     +    |   0|  0|  15|           6|           1|
    |add_ln95_13_fu_1750_p2   |     +    |   0|  0|  15|           6|           1|
    |add_ln95_14_fu_1794_p2   |     +    |   0|  0|  15|           6|           1|
    |add_ln95_15_fu_1844_p2   |     +    |   0|  0|  15|           6|           1|
    |add_ln95_16_fu_1888_p2   |     +    |   0|  0|  15|           6|           1|
    |add_ln95_17_fu_1938_p2   |     +    |   0|  0|  15|           6|           1|
    |add_ln95_18_fu_1982_p2   |     +    |   0|  0|  15|           6|           1|
    |add_ln95_19_fu_2032_p2   |     +    |   0|  0|  15|           6|           1|
    |add_ln95_1_fu_1182_p2    |     +    |   0|  0|  15|           6|           1|
    |add_ln95_20_fu_2076_p2   |     +    |   0|  0|  15|           6|           1|
    |add_ln95_21_fu_2126_p2   |     +    |   0|  0|  15|           6|           1|
    |add_ln95_22_fu_2170_p2   |     +    |   0|  0|  15|           6|           1|
    |add_ln95_23_fu_2220_p2   |     +    |   0|  0|  15|           6|           1|
    |add_ln95_24_fu_2264_p2   |     +    |   0|  0|  15|           6|           1|
    |add_ln95_25_fu_2318_p2   |     +    |   0|  0|  15|           6|           1|
    |add_ln95_26_fu_2362_p2   |     +    |   0|  0|  15|           6|           1|
    |add_ln95_27_fu_2416_p2   |     +    |   0|  0|  15|           6|           1|
    |add_ln95_28_fu_2460_p2   |     +    |   0|  0|  15|           6|           1|
    |add_ln95_29_fu_2514_p2   |     +    |   0|  0|  15|           6|           1|
    |add_ln95_2_fu_1226_p2    |     +    |   0|  0|  15|           6|           1|
    |add_ln95_3_fu_1276_p2    |     +    |   0|  0|  15|           6|           1|
    |add_ln95_4_fu_1320_p2    |     +    |   0|  0|  15|           6|           1|
    |add_ln95_5_fu_1370_p2    |     +    |   0|  0|  15|           6|           1|
    |add_ln95_6_fu_1414_p2    |     +    |   0|  0|  15|           6|           1|
    |add_ln95_7_fu_1464_p2    |     +    |   0|  0|  15|           6|           1|
    |add_ln95_8_fu_1508_p2    |     +    |   0|  0|  15|           6|           1|
    |add_ln95_9_fu_1558_p2    |     +    |   0|  0|  15|           6|           1|
    |add_ln95_fu_1136_p2      |     +    |   0|  0|  15|           6|           1|
    |add_ln96_10_fu_2476_p2   |     +    |   0|  0|  15|           8|           8|
    |add_ln96_1_fu_1524_p2    |     +    |   0|  0|  15|           9|           9|
    |add_ln96_2_fu_1618_p2    |     +    |   0|  0|  15|           9|           9|
    |add_ln96_3_fu_1712_p2    |     +    |   0|  0|  15|           8|           8|
    |add_ln96_4_fu_1904_p2    |     +    |   0|  0|  14|          10|          10|
    |add_ln96_5_fu_1998_p2    |     +    |   0|  0|  14|          10|          10|
    |add_ln96_6_fu_2092_p2    |     +    |   0|  0|  14|          10|          10|
    |add_ln96_7_fu_2186_p2    |     +    |   0|  0|  14|          10|          10|
    |add_ln96_8_fu_2280_p2    |     +    |   0|  0|  15|           9|           9|
    |add_ln96_9_fu_2378_p2    |     +    |   0|  0|  15|           9|           9|
    |add_ln96_fu_1336_p2      |     +    |   0|  0|  15|           8|           8|
    |icmp_ln95_10_fu_1564_p2  |   icmp   |   0|  0|  11|           6|           7|
    |icmp_ln95_11_fu_1608_p2  |   icmp   |   0|  0|  11|           6|           7|
    |icmp_ln95_12_fu_1658_p2  |   icmp   |   0|  0|  11|           6|           7|
    |icmp_ln95_13_fu_1702_p2  |   icmp   |   0|  0|  11|           6|           7|
    |icmp_ln95_14_fu_1756_p2  |   icmp   |   0|  0|  11|           6|           7|
    |icmp_ln95_15_fu_1800_p2  |   icmp   |   0|  0|  11|           6|           7|
    |icmp_ln95_16_fu_1850_p2  |   icmp   |   0|  0|  11|           6|           7|
    |icmp_ln95_17_fu_1894_p2  |   icmp   |   0|  0|  11|           6|           7|
    |icmp_ln95_18_fu_1944_p2  |   icmp   |   0|  0|  11|           6|           7|
    |icmp_ln95_19_fu_1988_p2  |   icmp   |   0|  0|  11|           6|           7|
    |icmp_ln95_1_fu_1142_p2   |   icmp   |   0|  0|  11|           6|           7|
    |icmp_ln95_20_fu_2038_p2  |   icmp   |   0|  0|  11|           6|           7|
    |icmp_ln95_21_fu_2082_p2  |   icmp   |   0|  0|  11|           6|           7|
    |icmp_ln95_22_fu_2132_p2  |   icmp   |   0|  0|  11|           6|           7|
    |icmp_ln95_23_fu_2176_p2  |   icmp   |   0|  0|  11|           6|           7|
    |icmp_ln95_24_fu_2226_p2  |   icmp   |   0|  0|  11|           6|           7|
    |icmp_ln95_25_fu_2270_p2  |   icmp   |   0|  0|  11|           6|           7|
    |icmp_ln95_26_fu_2324_p2  |   icmp   |   0|  0|  11|           6|           7|
    |icmp_ln95_27_fu_2368_p2  |   icmp   |   0|  0|  11|           6|           7|
    |icmp_ln95_28_fu_2422_p2  |   icmp   |   0|  0|  11|           6|           7|
    |icmp_ln95_29_fu_2466_p2  |   icmp   |   0|  0|  11|           6|           7|
    |icmp_ln95_2_fu_1188_p2   |   icmp   |   0|  0|  11|           6|           7|
    |icmp_ln95_3_fu_1232_p2   |   icmp   |   0|  0|  11|           6|           7|
    |icmp_ln95_4_fu_1282_p2   |   icmp   |   0|  0|  11|           6|           7|
    |icmp_ln95_5_fu_1326_p2   |   icmp   |   0|  0|  11|           6|           7|
    |icmp_ln95_6_fu_1376_p2   |   icmp   |   0|  0|  11|           6|           7|
    |icmp_ln95_7_fu_1420_p2   |   icmp   |   0|  0|  11|           6|           7|
    |icmp_ln95_8_fu_1470_p2   |   icmp   |   0|  0|  11|           6|           7|
    |icmp_ln95_9_fu_1514_p2   |   icmp   |   0|  0|  11|           6|           7|
    |icmp_ln95_fu_1112_p2     |   icmp   |   0|  0|  11|           6|           7|
    |or_ln97_10_fu_1637_p2    |    or    |   0|  0|  11|          11|           4|
    |or_ln97_11_fu_1681_p2    |    or    |   0|  0|  11|          11|           4|
    |or_ln97_12_fu_1735_p2    |    or    |   0|  0|  11|          11|           4|
    |or_ln97_13_fu_1779_p2    |    or    |   0|  0|  11|          11|           4|
    |or_ln97_14_fu_1829_p2    |    or    |   0|  0|  11|          11|           4|
    |or_ln97_15_fu_1873_p2    |    or    |   0|  0|  11|          11|           5|
    |or_ln97_16_fu_1923_p2    |    or    |   0|  0|  11|          11|           5|
    |or_ln97_17_fu_1967_p2    |    or    |   0|  0|  11|          11|           5|
    |or_ln97_18_fu_2017_p2    |    or    |   0|  0|  11|          11|           5|
    |or_ln97_19_fu_2061_p2    |    or    |   0|  0|  11|          11|           5|
    |or_ln97_1_fu_1211_p2     |    or    |   0|  0|  11|          11|           2|
    |or_ln97_20_fu_2111_p2    |    or    |   0|  0|  11|          11|           5|
    |or_ln97_21_fu_2155_p2    |    or    |   0|  0|  11|          11|           5|
    |or_ln97_22_fu_2205_p2    |    or    |   0|  0|  11|          11|           5|
    |or_ln97_23_fu_2249_p2    |    or    |   0|  0|  11|          11|           5|
    |or_ln97_24_fu_2303_p2    |    or    |   0|  0|  11|          11|           5|
    |or_ln97_25_fu_2347_p2    |    or    |   0|  0|  11|          11|           5|
    |or_ln97_26_fu_2401_p2    |    or    |   0|  0|  11|          11|           5|
    |or_ln97_27_fu_2445_p2    |    or    |   0|  0|  11|          11|           5|
    |or_ln97_28_fu_2499_p2    |    or    |   0|  0|  11|          11|           5|
    |or_ln97_2_fu_1261_p2     |    or    |   0|  0|  11|          11|           2|
    |or_ln97_3_fu_1305_p2     |    or    |   0|  0|  11|          11|           3|
    |or_ln97_4_fu_1355_p2     |    or    |   0|  0|  11|          11|           3|
    |or_ln97_5_fu_1399_p2     |    or    |   0|  0|  11|          11|           3|
    |or_ln97_6_fu_1449_p2     |    or    |   0|  0|  11|          11|           3|
    |or_ln97_7_fu_1493_p2     |    or    |   0|  0|  11|          11|           4|
    |or_ln97_8_fu_1543_p2     |    or    |   0|  0|  11|          11|           4|
    |or_ln97_9_fu_1587_p2     |    or    |   0|  0|  11|          11|           4|
    |or_ln97_fu_1167_p2       |    or    |   0|  0|  11|          11|           1|
    |xor_ln96_1_fu_1238_p2    |    xor   |   0|  0|   7|           6|           7|
    |xor_ln96_2_fu_1426_p2    |    xor   |   0|  0|   7|           6|           7|
    |xor_ln96_3_fu_1806_p2    |    xor   |   0|  0|   7|           6|           7|
    |xor_ln96_fu_1148_p2      |    xor   |   0|  0|   7|           6|           7|
    +-------------------------+----------+----+---+----+------------+------------+
    |Total                    |          |   0|  0|1288|         803|         487|
    +-------------------------+----------+----+---+----+------------+------------+

    * Multiplexer: 
    +----------------+-----+-----------+-----+-----------+
    |      Name      | LUT | Input Size| Bits| Total Bits|
    +----------------+-----+-----------+-----+-----------+
    |ap_NS_fsm       |  405|         93|    1|         93|
    |j_10_reg_882    |    9|          2|    6|         12|
    |j_11_reg_894    |    9|          2|    6|         12|
    |j_12_reg_905    |    9|          2|    6|         12|
    |j_13_reg_916    |    9|          2|    6|         12|
    |j_14_reg_927    |    9|          2|    6|         12|
    |j_15_reg_939    |    9|          2|    6|         12|
    |j_16_reg_950    |    9|          2|    6|         12|
    |j_17_reg_961    |    9|          2|    6|         12|
    |j_18_reg_973    |    9|          2|    6|         12|
    |j_19_reg_985    |    9|          2|    6|         12|
    |j_1_reg_775     |    9|          2|    6|         12|
    |j_20_reg_997    |    9|          2|    6|         12|
    |j_21_reg_1009   |    9|          2|    6|         12|
    |j_22_reg_1020   |    9|          2|    6|         12|
    |j_23_reg_1032   |    9|          2|    6|         12|
    |j_24_reg_1044   |    9|          2|    6|         12|
    |j_25_reg_1056   |    9|          2|    6|         12|
    |j_26_reg_1068   |    9|          2|    6|         12|
    |j_27_reg_1079   |    9|          2|    6|         12|
    |j_28_reg_1090   |    9|          2|    6|         12|
    |j_29_reg_1101   |    9|          2|    6|         12|
    |j_2_reg_787     |    9|          2|    6|         12|
    |j_3_reg_799     |    9|          2|    6|         12|
    |j_4_reg_811     |    9|          2|    6|         12|
    |j_5_reg_823     |    9|          2|    6|         12|
    |j_6_reg_835     |    9|          2|    6|         12|
    |j_7_reg_847     |    9|          2|    6|         12|
    |j_8_reg_858     |    9|          2|    6|         12|
    |j_9_reg_870     |    9|          2|    6|         12|
    |j_reg_763       |    9|          2|    6|         12|
    |mat_b_address0  |  265|         62|   10|        620|
    |mat_b_address1  |  265|         62|   10|        620|
    +----------------+-----+-----------+-----+-----------+
    |Total           | 1205|        277|  201|       1693|
    +----------------+-----+-----------+-----+-----------+

    * Register: 
    +------------------------+----+----+-----+-----------+
    |          Name          | FF | LUT| Bits| Const Bits|
    +------------------------+----+----+-----+-----------+
    |add_ln95_11_reg_2741    |   6|   0|    6|          0|
    |add_ln95_12_reg_2759    |   6|   0|    6|          0|
    |add_ln95_13_reg_2777    |   6|   0|    6|          0|
    |add_ln95_15_reg_2813    |   6|   0|    6|          0|
    |add_ln95_16_reg_2831    |   6|   0|    6|          0|
    |add_ln95_21_reg_2921    |   6|   0|    6|          0|
    |add_ln95_26_reg_3011    |   6|   0|    6|          0|
    |add_ln95_27_reg_3029    |   6|   0|    6|          0|
    |add_ln95_28_reg_3047    |   6|   0|    6|          0|
    |add_ln95_29_reg_3065    |   6|   0|    6|          0|
    |add_ln95_7_reg_2669     |   6|   0|    6|          0|
    |ap_CS_fsm               |  92|   0|   92|          0|
    |j_10_reg_882            |   6|   0|    6|          0|
    |j_11_reg_894            |   6|   0|    6|          0|
    |j_12_reg_905            |   6|   0|    6|          0|
    |j_13_reg_916            |   6|   0|    6|          0|
    |j_14_reg_927            |   6|   0|    6|          0|
    |j_15_reg_939            |   6|   0|    6|          0|
    |j_16_reg_950            |   6|   0|    6|          0|
    |j_17_reg_961            |   6|   0|    6|          0|
    |j_18_reg_973            |   6|   0|    6|          0|
    |j_19_reg_985            |   6|   0|    6|          0|
    |j_1_reg_775             |   6|   0|    6|          0|
    |j_20_reg_997            |   6|   0|    6|          0|
    |j_21_reg_1009           |   6|   0|    6|          0|
    |j_22_reg_1020           |   6|   0|    6|          0|
    |j_23_reg_1032           |   6|   0|    6|          0|
    |j_24_reg_1044           |   6|   0|    6|          0|
    |j_25_reg_1056           |   6|   0|    6|          0|
    |j_26_reg_1068           |   6|   0|    6|          0|
    |j_27_reg_1079           |   6|   0|    6|          0|
    |j_28_reg_1090           |   6|   0|    6|          0|
    |j_29_reg_1101           |   6|   0|    6|          0|
    |j_2_reg_787             |   6|   0|    6|          0|
    |j_3_reg_799             |   6|   0|    6|          0|
    |j_4_reg_811             |   6|   0|    6|          0|
    |j_5_reg_823             |   6|   0|    6|          0|
    |j_6_reg_835             |   6|   0|    6|          0|
    |j_7_reg_847             |   6|   0|    6|          0|
    |j_8_reg_858             |   6|   0|    6|          0|
    |j_9_reg_870             |   6|   0|    6|          0|
    |j_reg_763               |   6|   0|    6|          0|
    |mat_b_addr_10_reg_2623  |   8|   0|   10|          2|
    |mat_b_addr_11_reg_2628  |   5|   0|   10|          5|
    |mat_b_addr_12_reg_2641  |   6|   0|   10|          4|
    |mat_b_addr_13_reg_2646  |   5|   0|   10|          5|
    |mat_b_addr_14_reg_2659  |   8|   0|   10|          2|
    |mat_b_addr_15_reg_2664  |   5|   0|   10|          5|
    |mat_b_addr_16_reg_2677  |   6|   0|   10|          4|
    |mat_b_addr_17_reg_2682  |   5|   0|   10|          5|
    |mat_b_addr_18_reg_2695  |   9|   0|   10|          1|
    |mat_b_addr_19_reg_2700  |   5|   0|   10|          5|
    |mat_b_addr_1_reg_2538   |   5|   0|   10|          5|
    |mat_b_addr_20_reg_2713  |   6|   0|   10|          4|
    |mat_b_addr_21_reg_2718  |   5|   0|   10|          5|
    |mat_b_addr_22_reg_2731  |   9|   0|   10|          1|
    |mat_b_addr_23_reg_2736  |   5|   0|   10|          5|
    |mat_b_addr_24_reg_2749  |   6|   0|   10|          4|
    |mat_b_addr_25_reg_2754  |   5|   0|   10|          5|
    |mat_b_addr_26_reg_2767  |   9|   0|   10|          1|
    |mat_b_addr_27_reg_2772  |   5|   0|   10|          5|
    |mat_b_addr_28_reg_2785  |   6|   0|   10|          4|
    |mat_b_addr_29_reg_2790  |   5|   0|   10|          5|
    |mat_b_addr_2_reg_2551   |   6|   0|   10|          4|
    |mat_b_addr_30_reg_2803  |   9|   0|   10|          1|
    |mat_b_addr_31_reg_2808  |   5|   0|   10|          5|
    |mat_b_addr_32_reg_2821  |   6|   0|   10|          4|
    |mat_b_addr_33_reg_2826  |   5|   0|   10|          5|
    |mat_b_addr_34_reg_2839  |  10|   0|   10|          0|
    |mat_b_addr_35_reg_2844  |   5|   0|   10|          5|
    |mat_b_addr_36_reg_2857  |   6|   0|   10|          4|
    |mat_b_addr_37_reg_2862  |   5|   0|   10|          5|
    |mat_b_addr_38_reg_2875  |  10|   0|   10|          0|
    |mat_b_addr_39_reg_2880  |   5|   0|   10|          5|
    |mat_b_addr_3_reg_2556   |   5|   0|   10|          5|
    |mat_b_addr_40_reg_2893  |   6|   0|   10|          4|
    |mat_b_addr_41_reg_2898  |   5|   0|   10|          5|
    |mat_b_addr_42_reg_2911  |  10|   0|   10|          0|
    |mat_b_addr_43_reg_2916  |   5|   0|   10|          5|
    |mat_b_addr_44_reg_2929  |   6|   0|   10|          4|
    |mat_b_addr_45_reg_2934  |   5|   0|   10|          5|
    |mat_b_addr_46_reg_2947  |  10|   0|   10|          0|
    |mat_b_addr_47_reg_2952  |   5|   0|   10|          5|
    |mat_b_addr_48_reg_2965  |   6|   0|   10|          4|
    |mat_b_addr_49_reg_2970  |   5|   0|   10|          5|
    |mat_b_addr_4_reg_2569   |   6|   0|   10|          4|
    |mat_b_addr_50_reg_2983  |  10|   0|   10|          0|
    |mat_b_addr_51_reg_2988  |   5|   0|   10|          5|
    |mat_b_addr_52_reg_3001  |   6|   0|   10|          4|
    |mat_b_addr_53_reg_3006  |   5|   0|   10|          5|
    |mat_b_addr_54_reg_3019  |  10|   0|   10|          0|
    |mat_b_addr_55_reg_3024  |   5|   0|   10|          5|
    |mat_b_addr_56_reg_3037  |   6|   0|   10|          4|
    |mat_b_addr_57_reg_3042  |   5|   0|   10|          5|
    |mat_b_addr_5_reg_2574   |   5|   0|   10|          5|
    |mat_b_addr_60_reg_3055  |  10|   0|   10|          0|
    |mat_b_addr_61_reg_3060  |   5|   0|   10|          5|
    |mat_b_addr_6_reg_2587   |   7|   0|   10|          3|
    |mat_b_addr_7_reg_2592   |   5|   0|   10|          5|
    |mat_b_addr_8_reg_2605   |   6|   0|   10|          4|
    |mat_b_addr_9_reg_2610   |   5|   0|   10|          5|
    |mat_b_addr_reg_2533     |   6|   0|   10|          4|
    +------------------------+----+----+-----+-----------+
    |Total                   | 713|   0|  938|        225|
    +------------------------+----+----+-----+-----------+



================================================================
== Interface
================================================================
* Summary: 
+----------------+-----+-----+------------+--------------+--------------+
|    RTL Ports   | Dir | Bits|  Protocol  | Source Object|    C Type    |
+----------------+-----+-----+------------+--------------+--------------+
|ap_clk          |  in |    1| ap_ctrl_hs |  transMatrix | return value |
|ap_rst          |  in |    1| ap_ctrl_hs |  transMatrix | return value |
|ap_start        |  in |    1| ap_ctrl_hs |  transMatrix | return value |
|ap_done         | out |    1| ap_ctrl_hs |  transMatrix | return value |
|ap_idle         | out |    1| ap_ctrl_hs |  transMatrix | return value |
|ap_ready        | out |    1| ap_ctrl_hs |  transMatrix | return value |
|mat_b_address0  | out |   10|  ap_memory |     mat_b    |     array    |
|mat_b_ce0       | out |    1|  ap_memory |     mat_b    |     array    |
|mat_b_we0       | out |    1|  ap_memory |     mat_b    |     array    |
|mat_b_d0        | out |   32|  ap_memory |     mat_b    |     array    |
|mat_b_q0        |  in |   32|  ap_memory |     mat_b    |     array    |
|mat_b_address1  | out |   10|  ap_memory |     mat_b    |     array    |
|mat_b_ce1       | out |    1|  ap_memory |     mat_b    |     array    |
|mat_b_we1       | out |    1|  ap_memory |     mat_b    |     array    |
|mat_b_d1        | out |   32|  ap_memory |     mat_b    |     array    |
|mat_b_q1        |  in |   32|  ap_memory |     mat_b    |     array    |
+----------------+-----+-----+------------+--------------+--------------+

